mvn : WARNING: A 
terminally 
deprecated method in 
sun.misc.Unsafe has 
been called
At line:1 char:1
+ mvn 
compiler:compile 
2>&1 > 
compile_output.txt; 
Get-Content 
compile_o ...
+ ~~~~~~~~~~~~~~~~~~~
~~~~~~~~~~~~~~~~~~~~~
~~~~~~
    + CategoryInfo   
           : NotSpe  
  cified: (WARNING   
 : A term...has b    
een called:Strin    
g) [], RemoteExc    
eption
    + FullyQualified 
   ErrorId : Native  
  CommandError
 
WARNING: sun.misc.Uns
afe::staticFieldBase 
has been called by co
m.google.inject.inter
nal.aop.HiddenClassDe
finer (file:/C:/Progr
am%20Files/apache-mav
en-3.9.11/lib/guice-5
.1.0-classes.jar)
WARNING: Please 
consider reporting 
this to the 
maintainers of class 
com.google.inject.int
ernal.aop.HiddenClass
Definer
WARNING: sun.misc.Uns
afe::staticFieldBase 
will be removed in a 
future release
[INFO] Scanning for projects...
[INFO] 
[INFO] -----------------< com.footballsystem:football-system >-----------------
[INFO] Building FootballSystemApplication 0.0.1-SNAPSHOT
[INFO]   from pom.xml
[INFO] --------------------------------[ jar ]---------------------------------
[INFO] 
[INFO] --- compiler:3.11.0:compile (default-cli) @ football-system ---
[INFO] Changes detected - recompiling the module! :source
[INFO] Compiling 27 source files with javac [debug release 17] to target\classes
[INFO] -------------------------------------------------------------
[ERROR] COMPILATION ERROR : 
[INFO] -------------------------------------------------------------
[ERROR] /D:/luqma/Saved Games/FYP2/src/main/java/com/footballsystem/controller/StaffController.java:[1,1] illegal character: '\ufeff'
[ERROR] /D:/luqma/Saved Games/FYP2/src/main/java/com/footballsystem/controller/StaffController.java:[1,10] class, interface, enum, or record expected
[ERROR] /D:/luqma/Saved Games/FYP2/src/main/java/com/footballsystem/controller/StaffController.java:[3,1] class, interface, enum, or record expected
[ERROR] /D:/luqma/Saved Games/FYP2/src/main/java/com/footballsystem/controller/StaffController.java:[4,1] class, interface, enum, or record expected
[ERROR] /D:/luqma/Saved Games/FYP2/src/main/java/com/footballsystem/controller/StaffController.java:[5,1] class, interface, enum, or record expected
[ERROR] /D:/luqma/Saved Games/FYP2/src/main/java/com/footballsystem/controller/StaffController.java:[6,1] class, interface, enum, or record expected
[ERROR] /D:/luqma/Saved Games/FYP2/src/main/java/com/footballsystem/controller/StaffController.java:[7,1] class, interface, enum, or record expected
[ERROR] /D:/luqma/Saved Games/FYP2/src/main/java/com/footballsystem/controller/StaffController.java:[8,1] class, interface, enum, or record expected
[ERROR] /D:/luqma/Saved Games/FYP2/src/main/java/com/footballsystem/controller/StaffController.java:[9,1] class, interface, enum, or record expected
[ERROR] /D:/luqma/Saved Games/FYP2/src/main/java/com/footballsystem/controller/StaffController.java:[10,1] class, interface, enum, or record expected
[ERROR] /D:/luqma/Saved Games/FYP2/src/main/java/com/footballsystem/controller/StaffController.java:[12,1] class, interface, enum, or record expected
[ERROR] /D:/luqma/Saved Games/FYP2/src/main/java/com/footballsystem/controller/StaffController.java:[13,1] class, interface, enum, or record expected
[ERROR] /D:/luqma/Saved Games/FYP2/src/main/java/com/footballsystem/controller/StaffController.java:[14,1] class, interface, enum, or record expected
[ERROR] /D:/luqma/Saved Games/FYP2/src/main/java/com/footballsystem/controller/StaffController.java:[15,1] class, interface, enum, or record expected
[ERROR] /D:/luqma/Saved Games/FYP2/src/main/java/com/footballsystem/controller/StaffController.java:[16,1] class, interface, enum, or record expected
[ERROR] /D:/luqma/Saved Games/FYP2/src/main/java/com/footballsystem/controller/StaffController.java:[17,1] class, interface, enum, or record expected
[ERROR] /D:/luqma/Saved Games/FYP2/src/main/java/com/footballsystem/controller/StaffController.java:[18,1] class, interface, enum, or record expected
[ERROR] /D:/luqma/Saved Games/FYP2/src/main/java/com/footballsystem/controller/StaffController.java:[19,1] class, interface, enum, or record expected
[ERROR] /D:/luqma/Saved Games/FYP2/src/main/java/com/footballsystem/controller/StaffController.java:[20,1] class, interface, enum, or record expected
[ERROR] /D:/luqma/Saved Games/FYP2/src/main/java/com/footballsystem/controller/StaffController.java:[21,1] class, interface, enum, or record expected
[ERROR] /D:/luqma/Saved Games/FYP2/src/main/java/com/footballsystem/controller/StaffController.java:[22,1] class, interface, enum, or record expected
[INFO] 21 errors 
[INFO] -------------------------------------------------------------
[INFO] ------------------------------------------------------------------------
[INFO] BUILD FAILURE
[INFO] ------------------------------------------------------------------------
[INFO] Total time:  2.060 s
[INFO] Finished at: 2025-12-26T17:28:56+08:00
[INFO] ------------------------------------------------------------------------
[ERROR] Failed to execute goal org.apache.maven.plugins:maven-compiler-plugin:3.11.0:compile (default-cli) on project football-system: Compilation failure: Compilation failure: 
[ERROR] /D:/luqma/Saved Games/FYP2/src/main/java/com/footballsystem/controller/StaffController.java:[1,1] illegal character: '\ufeff'
[ERROR] /D:/luqma/Saved Games/FYP2/src/main/java/com/footballsystem/controller/StaffController.java:[1,10] class, interface, enum, or record expected
[ERROR] /D:/luqma/Saved Games/FYP2/src/main/java/com/footballsystem/controller/StaffController.java:[3,1] class, interface, enum, or record expected
[ERROR] /D:/luqma/Saved Games/FYP2/src/main/java/com/footballsystem/controller/StaffController.java:[4,1] class, interface, enum, or record expected
[ERROR] /D:/luqma/Saved Games/FYP2/src/main/java/com/footballsystem/controller/StaffController.java:[5,1] class, interface, enum, or record expected
[ERROR] /D:/luqma/Saved Games/FYP2/src/main/java/com/footballsystem/controller/StaffController.java:[6,1] class, interface, enum, or record expected
[ERROR] /D:/luqma/Saved Games/FYP2/src/main/java/com/footballsystem/controller/StaffController.java:[7,1] class, interface, enum, or record expected
[ERROR] /D:/luqma/Saved Games/FYP2/src/main/java/com/footballsystem/controller/StaffController.java:[8,1] class, interface, enum, or record expected
[ERROR] /D:/luqma/Saved Games/FYP2/src/main/java/com/footballsystem/controller/StaffController.java:[9,1] class, interface, enum, or record expected
[ERROR] /D:/luqma/Saved Games/FYP2/src/main/java/com/footballsystem/controller/StaffController.java:[10,1] class, interface, enum, or record expected
[ERROR] /D:/luqma/Saved Games/FYP2/src/main/java/com/footballsystem/controller/StaffController.java:[12,1] class, interface, enum, or record expected
[ERROR] /D:/luqma/Saved Games/FYP2/src/main/java/com/footballsystem/controller/StaffController.java:[13,1] class, interface, enum, or record expected
[ERROR] /D:/luqma/Saved Games/FYP2/src/main/java/com/footballsystem/controller/StaffController.java:[14,1] class, interface, enum, or record expected
[ERROR] /D:/luqma/Saved Games/FYP2/src/main/java/com/footballsystem/controller/StaffController.java:[15,1] class, interface, enum, or record expected
[ERROR] /D:/luqma/Saved Games/FYP2/src/main/java/com/footballsystem/controller/StaffController.java:[16,1] class, interface, enum, or record expected
[ERROR] /D:/luqma/Saved Games/FYP2/src/main/java/com/footballsystem/controller/StaffController.java:[17,1] class, interface, enum, or record expected
[ERROR] /D:/luqma/Saved Games/FYP2/src/main/java/com/footballsystem/controller/StaffController.java:[18,1] class, interface, enum, or record expected
[ERROR] /D:/luqma/Saved Games/FYP2/src/main/java/com/footballsystem/controller/StaffController.java:[19,1] class, interface, enum, or record expected
[ERROR] /D:/luqma/Saved Games/FYP2/src/main/java/com/footballsystem/controller/StaffController.java:[20,1] class, interface, enum, or record expected
[ERROR] /D:/luqma/Saved Games/FYP2/src/main/java/com/footballsystem/controller/StaffController.java:[21,1] class, interface, enum, or record expected
[ERROR] /D:/luqma/Saved Games/FYP2/src/main/java/com/footballsystem/controller/StaffController.java:[22,1] class, interface, enum, or record expected
[ERROR] -> [Help 1]
[ERROR] 
[ERROR] To see the full stack trace of the errors, re-run Maven with the -e switch.
[ERROR] Re-run Maven using the -X switch to enable full debug logging.
[ERROR] 
[ERROR] For more information about the errors and possible solutions, please read the following articles:
[ERROR] [Help 1] http://cwiki.apache.org/confluence/display/MAVEN/MojoFailureException
